// Jest Snapshot v1, https://goo.gl/fbAQLP

exports[`matches snapshot 1`] = `
<dl
  className="space-y-8 divide-y divide-gray-200 dark:divide-gray-800"
>
  <div
    className="pt-6 md:grid md:grid-cols-12 md:gap-8"
  >
    <dt
      className="text-base font-medium text-gray-800 dark:text-gray-100 md:col-span-5"
    >
      What is an NFT?
    </dt>
    <dd
      className="mt-2 md:mt-0 md:col-span-7 prose-blue"
    >
      <p
        className="text-base text-gray-700 dark:text-gray-200"
      >
        A non-fungible token (NFT) is a special type of cryptographic token which represents something unique; non-fungible tokens are thus not mutually interchangeable. This is in contrast to cryptocurrencies like bitcoin, and many network or utility tokens that are fungible in nature.
      </p>
    </dd>
  </div>
  <div
    className="pt-6 md:grid md:grid-cols-12 md:gap-8"
  >
    <dt
      className="text-base font-medium text-gray-800 dark:text-gray-100 md:col-span-5"
    >
      What is a gNFT?
    </dt>
    <dd
      className="mt-2 md:mt-0 md:col-span-7 prose-blue"
    >
      <p
        className="text-base text-gray-700 dark:text-gray-200"
      >
        A georeferenced non-fungible token (gNFT) is a specialized NFT which references a real world location; georeferenced non-fungible tokens are thus not mutually interchangeable and are tied to the geographic location in which they are purchased and this location is tracked in the transaction. gNFTs can be referred to as digital souvenirs.
      </p>
    </dd>
  </div>
  <div
    className="pt-6 md:grid md:grid-cols-12 md:gap-8"
  >
    <dt
      className="text-base font-medium text-gray-800 dark:text-gray-100 md:col-span-5"
    >
      How does the Hodo Network work?
    </dt>
    <dd
      className="mt-2 md:mt-0 md:col-span-7 prose-blue"
    >
      <p
        className="text-base text-gray-700 dark:text-gray-200"
      >
        The Hodo Network is a platform where you can buy and sell gNFTs. It is the first of it’s kind and utilizes the Avalanche network to track and manage the digital assets.
      </p>
    </dd>
  </div>
  <div
    className="pt-6 md:grid md:grid-cols-12 md:gap-8"
  >
    <dt
      className="text-base font-medium text-gray-800 dark:text-gray-100 md:col-span-5"
    >
      How can I buy a Hodo Network gNFT?
    </dt>
    <dd
      className="mt-2 md:mt-0 md:col-span-7 prose-blue"
    >
      <p
        className="text-base text-gray-700 dark:text-gray-200"
      >
        First you need to create a MetaMask wallet, if you don’t already have one, and connect it to the Avalanche network (
        <a
          href="https://www.youtube.com/watch?v=uHrBWHNl2Nc"
        >
          https://www.youtube.com/watch?v=uHrBWHNl2Nc
        </a>
        ). Once you have the MetaMask wallet configured you can tranfer AVAX from your AVAX web wallet to your MetaMask address on the C-Chain. You then need to link your MetaMask wallet to the Hodo Network via the connect button at Hodo Network. Once your MetaMask wallet is linked and funded with AVAX you can purchase gNFTs on the Hodo Network. If you need any help acquiring the AVAX token to purchase our gNFTs please reach out to our admin!
      </p>
    </dd>
  </div>
  <div
    className="pt-6 md:grid md:grid-cols-12 md:gap-8"
  >
    <dt
      className="text-base font-medium text-gray-800 dark:text-gray-100 md:col-span-5"
    >
      Is AVAX the only token I can use to purchase a gNFT?
    </dt>
    <dd
      className="mt-2 md:mt-0 md:col-span-7 prose-blue"
    >
      <p
        className="text-base text-gray-700 dark:text-gray-200"
      >
        Yes. This is the only supported token on the Hodo Network.
      </p>
    </dd>
  </div>
  <div
    className="pt-6 md:grid md:grid-cols-12 md:gap-8"
  >
    <dt
      className="text-base font-medium text-gray-800 dark:text-gray-100 md:col-span-5"
    >
      Can I buy a gNFT if I am not in the physical location the gNFT was minted for?
    </dt>
    <dd
      className="mt-2 md:mt-0 md:col-span-7 prose-blue"
    >
      <p
        className="text-base text-gray-700 dark:text-gray-200"
      >
        There is the ability of purchase gNFTs that have been minted specifically for a location other than the location you are currently in. If the user that is selling the gNFT allows a foreign buyer then you may purchase the gNFT. You should understand that a gNFT that is purchased from outside the area it was minted for will be devalued versus a gNFT that maintains the integrity of being purchased within the originally intended area (a pure gNFT). 
      </p>
    </dd>
  </div>
  <div
    className="pt-6 md:grid md:grid-cols-12 md:gap-8"
  >
    <dt
      className="text-base font-medium text-gray-800 dark:text-gray-100 md:col-span-5"
    >
      What are the different classifications of a gNFT?
    </dt>
    <dd
      className="mt-2 md:mt-0 md:col-span-7 prose-blue"
    >
      <p
        className="text-base text-gray-700 dark:text-gray-200"
      >
        There are 3 classifications for gNFTs: Epic, Rare and Common.
      </p>
    </dd>
  </div>
  <div
    className="pt-6 md:grid md:grid-cols-12 md:gap-8"
  >
    <dt
      className="text-base font-medium text-gray-800 dark:text-gray-100 md:col-span-5"
    >
      What is a ‘pure’ gNFT?
    </dt>
    <dd
      className="mt-2 md:mt-0 md:col-span-7 prose-blue"
    >
      <p
        className="text-base text-gray-700 dark:text-gray-200"
      >
        A pure gNFT is a gNFT that has always been purchased by users that were, at the time of purchase, located in the geographical location that the gNFT was minted for. This is the most valuable gNFT. It proves that the owner has always been in the correct geographical location when purchasing.
      </p>
    </dd>
  </div>
  <div
    className="pt-6 md:grid md:grid-cols-12 md:gap-8"
  >
    <dt
      className="text-base font-medium text-gray-800 dark:text-gray-100 md:col-span-5"
    >
      How long is each series available for?
    </dt>
    <dd
      className="mt-2 md:mt-0 md:col-span-7 prose-blue"
    >
      <p
        className="text-base text-gray-700 dark:text-gray-200"
      >
        Each series will be available directly from the Hodo Network for 12-36 months. After this time the tokens that have not been sold will be burnt, effectively limiting the supply of tokens. Each series will have a unique burn date.
      </p>
    </dd>
  </div>
  <div
    className="pt-6 md:grid md:grid-cols-12 md:gap-8"
  >
    <dt
      className="text-base font-medium text-gray-800 dark:text-gray-100 md:col-span-5"
    >
      How often are new series released?
    </dt>
    <dd
      className="mt-2 md:mt-0 md:col-span-7 prose-blue"
    >
      <p
        className="text-base text-gray-700 dark:text-gray-200"
      >
        We are on target to release a new series every 2-4 months, each series will have a different specific geographical specification. Keep an eye on our social media feeds for release information on future series!
      </p>
    </dd>
  </div>
  <div
    className="pt-6 md:grid md:grid-cols-12 md:gap-8"
  >
    <dt
      className="text-base font-medium text-gray-800 dark:text-gray-100 md:col-span-5"
    >
      How many of each type are minted?
    </dt>
    <dd
      className="mt-2 md:mt-0 md:col-span-7 prose-blue"
    >
      <p
        className="text-base text-gray-700 dark:text-gray-200"
      >
        Quantities are different for each classification and series. 
      </p>
    </dd>
  </div>
  <div
    className="pt-6 md:grid md:grid-cols-12 md:gap-8"
  >
    <dt
      className="text-base font-medium text-gray-800 dark:text-gray-100 md:col-span-5"
    >
      Can I transfer my gNFT to another platform?
    </dt>
    <dd
      className="mt-2 md:mt-0 md:col-span-7 prose-blue"
    >
      <p
        className="text-base text-gray-700 dark:text-gray-200"
      >
        Yes, Hodo gNFTs will be able to be transferred but know that if you sell the gNFT on another platform and it is not properly georeferenced it’s value will be reduced. We recommend selling all your gNFTs on the Hodo Network to maintain the integrity of the gNFT.
      </p>
    </dd>
  </div>
  <div
    className="pt-6 md:grid md:grid-cols-12 md:gap-8"
  >
    <dt
      className="text-base font-medium text-gray-800 dark:text-gray-100 md:col-span-5"
    >
      What features do you have planned for the future?
    </dt>
    <dd
      className="mt-2 md:mt-0 md:col-span-7 prose-blue"
    >
      <p
        className="text-base text-gray-700 dark:text-gray-200"
      >
        Please visit the 
        <a
          href="/roadmap"
        >
          roadmap
        </a>
        !
      </p>
    </dd>
  </div>
  <div
    className="pt-6 md:grid md:grid-cols-12 md:gap-8"
  >
    <dt
      className="text-base font-medium text-gray-800 dark:text-gray-100 md:col-span-5"
    >
      Which blockchain does the marketplace use?
    </dt>
    <dd
      className="mt-2 md:mt-0 md:col-span-7 prose-blue"
    >
      <p
        className="text-base text-gray-700 dark:text-gray-200"
      >
        The marketplace was built using the Avalanche blockchain. Assets are minted on the C-Chain.
      </p>
    </dd>
  </div>
  <div
    className="pt-6 md:grid md:grid-cols-12 md:gap-8"
  >
    <dt
      className="text-base font-medium text-gray-800 dark:text-gray-100 md:col-span-5"
    >
      Why were the assets minted on the C-Chain instead of the X-Chain?
    </dt>
    <dd
      className="mt-2 md:mt-0 md:col-span-7 prose-blue"
    >
      <p
        className="text-base text-gray-700 dark:text-gray-200"
      >
        The C-Chain is EVM compatible which will allow interoperability with other EVM chains in the future. Using the C-Chain also allows us to enable wallets like MetaMask for a better user experience.
      </p>
    </dd>
  </div>
  <div
    className="pt-6 md:grid md:grid-cols-12 md:gap-8"
  >
    <dt
      className="text-base font-medium text-gray-800 dark:text-gray-100 md:col-span-5"
    >
      What token standard do the NFTs use?
    </dt>
    <dd
      className="mt-2 md:mt-0 md:col-span-7 prose-blue"
    >
      <p
        className="text-base text-gray-700 dark:text-gray-200"
      >
        The NFTs were minted using the ERC1155 token standard. This allows for multiple tokens to be represented by a single smart contract and unlocks some cost saving features like sending multiple tokens in a single transaction.
      </p>
    </dd>
  </div>
</dl>
`;
