// Jest Snapshot v1, https://goo.gl/fbAQLP

exports[`matches snapshot 1`] = `
<a
  className="flex-shrink-0 w-full group block"
  href="#none"
>
  <div
    className="flex items-center"
  >
    <div>
      <img
        className="inline-block h-9 w-9 rounded-full"
        data-testid="image"
      />
    </div>
  </div>
</a>
`;
