// Jest Snapshot v1, https://goo.gl/fbAQLP

exports[`matches snapshot 1`] = `
<div
  className="p-4 sm:p-8 lg:p-12 mx-auto max-w-prose"
>
  <div
    className="bg-white shadow overflow-hidden sm:rounded-md"
  >
    <div
      className="px-4 py-5 border-b border-gray-200 sm:px-6"
    >
      <h3
        className="text-xl leading-7 font-medium uppercase text-blue-700 dark:text-blue-500"
      >
        Onboarding
      </h3>
      <p
        className="mt-2 text-sm"
      >
        Our launch is right around the corner! In the meantime, you can setup an Avalanche wallet so you're ready when the time comes.
      </p>
    </div>
    <ul
      className="divide-y divide-gray-200 text-sm"
    >
      <li
        className="px-4 py-4 sm:px-6"
      >
        <div>
          <p
            className="font-medium text-base"
          >
            Connect to MetaMask
          </p>
          <p
            className="mt-1"
          >
            Install the extension and go through the prompts to setup a new wallet.
          </p>
          <div
            className="mt-4"
          >
            <button
              className="btn"
              disabled={false}
              onClick={[Function]}
            >
              Install MetaMask
            </button>
          </div>
        </div>
      </li>
      <li
        className="px-4 py-4 sm:px-6"
      >
        <p
          className="font-medium text-base"
        >
          Use Avalanche
        </p>
        <p
          className="mt-1"
        >
          Avalanche isn't a default network so we'll need to add it.
        </p>
        <div
          className="mt-4 flex space-x-4"
        >
          <button
            className="btn"
            disabled={false}
            onClick={[Function]}
          >
            Mainnet
          </button>
          <button
            className="btn"
            disabled={false}
            onClick={[Function]}
          >
            Testnet
          </button>
        </div>
      </li>
      <li
        className="px-4 py-4 sm:px-6"
      >
        <p
          className="font-medium text-base"
        >
          Add Funds
        </p>
        <p
          className="mt-1"
        >
          <b>
            Mainnet
          </b>
          : purchase AVAX from an exchange and send it to your wallet address. You may need to
           
          <a
            className="text-blue-600 font-medium"
            href="https://wallet.avax.network/"
            rel="noreferrer"
            target="_blank"
          >
            create a wallet
          </a>
           
          with an X-Chain address first. Then make the transfer to your C-Chain address which is what we're creating with MetaMask.
        </p>
        <p
          className="mt-4"
        >
          <b>
            Testnet
          </b>
          : you can request test AVAX from the
           
          <a
            className="text-blue-600 font-medium"
            href="https://faucet.avax-test.network/"
            rel="noreferrer"
            target="_blank"
          >
            AVAX Test Faucet
          </a>
        </p>
      </li>
      <li
        className="px-4 py-4 sm:px-6"
      >
        <p
          className="font-medium text-base"
        >
          Finished
        </p>
        <p
          className="mt-1"
        >
          After we launch you'll be ready to buy your first NFT from Hodo Network.
        </p>
      </li>
    </ul>
  </div>
</div>
`;
